// Jest Snapshot v1, https://goo.gl/fbAQLP

exports[`TypeDefsEditor (Basics) .node() matches snapschot 1`] = `
"{
  \\"kind\\": \\"Document\\",
  \\"definitions\\": [
    {
      \\"kind\\": \\"ObjectTypeDefinition\\",
      \\"name\\": {
        \\"kind\\": \\"Name\\",
        \\"value\\": \\"Query\\",
        \\"loc\\": {
          \\"start\\": 5,
          \\"end\\": 10
        }
      },
      \\"interfaces\\": [],
      \\"directives\\": [],
      \\"fields\\": [
        {
          \\"kind\\": \\"FieldDefinition\\",
          \\"name\\": {
            \\"kind\\": \\"Name\\",
            \\"value\\": \\"Tweet\\",
            \\"loc\\": {
              \\"start\\": 15,
              \\"end\\": 20
            }
          },
          \\"arguments\\": [
            {
              \\"kind\\": \\"InputValueDefinition\\",
              \\"name\\": {
                \\"kind\\": \\"Name\\",
                \\"value\\": \\"id\\",
                \\"loc\\": {
                  \\"start\\": 21,
                  \\"end\\": 23
                }
              },
              \\"type\\": {
                \\"kind\\": \\"NonNullType\\",
                \\"type\\": {
                  \\"kind\\": \\"NamedType\\",
                  \\"name\\": {
                    \\"kind\\": \\"Name\\",
                    \\"value\\": \\"ID\\",
                    \\"loc\\": {
                      \\"start\\": 25,
                      \\"end\\": 27
                    }
                  },
                  \\"loc\\": {
                    \\"start\\": 25,
                    \\"end\\": 27
                  }
                },
                \\"loc\\": {
                  \\"start\\": 25,
                  \\"end\\": 28
                }
              },
              \\"directives\\": [],
              \\"loc\\": {
                \\"start\\": 21,
                \\"end\\": 28
              }
            }
          ],
          \\"type\\": {
            \\"kind\\": \\"NamedType\\",
            \\"name\\": {
              \\"kind\\": \\"Name\\",
              \\"value\\": \\"Tweet\\",
              \\"loc\\": {
                \\"start\\": 31,
                \\"end\\": 36
              }
            },
            \\"loc\\": {
              \\"start\\": 31,
              \\"end\\": 36
            }
          },
          \\"directives\\": [],
          \\"loc\\": {
            \\"start\\": 15,
            \\"end\\": 36
          }
        },
        {
          \\"kind\\": \\"FieldDefinition\\",
          \\"name\\": {
            \\"kind\\": \\"Name\\",
            \\"value\\": \\"Tweets\\",
            \\"loc\\": {
              \\"start\\": 39,
              \\"end\\": 45
            }
          },
          \\"arguments\\": [
            {
              \\"kind\\": \\"InputValueDefinition\\",
              \\"name\\": {
                \\"kind\\": \\"Name\\",
                \\"value\\": \\"limit\\",
                \\"loc\\": {
                  \\"start\\": 46,
                  \\"end\\": 51
                }
              },
              \\"type\\": {
                \\"kind\\": \\"NamedType\\",
                \\"name\\": {
                  \\"kind\\": \\"Name\\",
                  \\"value\\": \\"Int\\",
                  \\"loc\\": {
                    \\"start\\": 53,
                    \\"end\\": 56
                  }
                },
                \\"loc\\": {
                  \\"start\\": 53,
                  \\"end\\": 56
                }
              },
              \\"directives\\": [],
              \\"loc\\": {
                \\"start\\": 46,
                \\"end\\": 56
              }
            },
            {
              \\"kind\\": \\"InputValueDefinition\\",
              \\"name\\": {
                \\"kind\\": \\"Name\\",
                \\"value\\": \\"skip\\",
                \\"loc\\": {
                  \\"start\\": 58,
                  \\"end\\": 62
                }
              },
              \\"type\\": {
                \\"kind\\": \\"NamedType\\",
                \\"name\\": {
                  \\"kind\\": \\"Name\\",
                  \\"value\\": \\"Int\\",
                  \\"loc\\": {
                    \\"start\\": 64,
                    \\"end\\": 67
                  }
                },
                \\"loc\\": {
                  \\"start\\": 64,
                  \\"end\\": 67
                }
              },
              \\"directives\\": [],
              \\"loc\\": {
                \\"start\\": 58,
                \\"end\\": 67
              }
            },
            {
              \\"kind\\": \\"InputValueDefinition\\",
              \\"name\\": {
                \\"kind\\": \\"Name\\",
                \\"value\\": \\"sort_field\\",
                \\"loc\\": {
                  \\"start\\": 69,
                  \\"end\\": 79
                }
              },
              \\"type\\": {
                \\"kind\\": \\"NamedType\\",
                \\"name\\": {
                  \\"kind\\": \\"Name\\",
                  \\"value\\": \\"String\\",
                  \\"loc\\": {
                    \\"start\\": 81,
                    \\"end\\": 87
                  }
                },
                \\"loc\\": {
                  \\"start\\": 81,
                  \\"end\\": 87
                }
              },
              \\"directives\\": [],
              \\"loc\\": {
                \\"start\\": 69,
                \\"end\\": 87
              }
            },
            {
              \\"kind\\": \\"InputValueDefinition\\",
              \\"name\\": {
                \\"kind\\": \\"Name\\",
                \\"value\\": \\"sort_order\\",
                \\"loc\\": {
                  \\"start\\": 89,
                  \\"end\\": 99
                }
              },
              \\"type\\": {
                \\"kind\\": \\"NamedType\\",
                \\"name\\": {
                  \\"kind\\": \\"Name\\",
                  \\"value\\": \\"String\\",
                  \\"loc\\": {
                    \\"start\\": 101,
                    \\"end\\": 107
                  }
                },
                \\"loc\\": {
                  \\"start\\": 101,
                  \\"end\\": 107
                }
              },
              \\"directives\\": [],
              \\"loc\\": {
                \\"start\\": 89,
                \\"end\\": 107
              }
            }
          ],
          \\"type\\": {
            \\"kind\\": \\"ListType\\",
            \\"type\\": {
              \\"kind\\": \\"NamedType\\",
              \\"name\\": {
                \\"kind\\": \\"Name\\",
                \\"value\\": \\"Tweet\\",
                \\"loc\\": {
                  \\"start\\": 111,
                  \\"end\\": 116
                }
              },
              \\"loc\\": {
                \\"start\\": 111,
                \\"end\\": 116
              }
            },
            \\"loc\\": {
              \\"start\\": 110,
              \\"end\\": 117
            }
          },
          \\"directives\\": [],
          \\"loc\\": {
            \\"start\\": 39,
            \\"end\\": 117
          }
        },
        {
          \\"kind\\": \\"FieldDefinition\\",
          \\"name\\": {
            \\"kind\\": \\"Name\\",
            \\"value\\": \\"TweetsMeta\\",
            \\"loc\\": {
              \\"start\\": 120,
              \\"end\\": 130
            }
          },
          \\"arguments\\": [],
          \\"type\\": {
            \\"kind\\": \\"NamedType\\",
            \\"name\\": {
              \\"kind\\": \\"Name\\",
              \\"value\\": \\"Meta\\",
              \\"loc\\": {
                \\"start\\": 132,
                \\"end\\": 136
              }
            },
            \\"loc\\": {
              \\"start\\": 132,
              \\"end\\": 136
            }
          },
          \\"directives\\": [],
          \\"loc\\": {
            \\"start\\": 120,
            \\"end\\": 136
          }
        },
        {
          \\"kind\\": \\"FieldDefinition\\",
          \\"name\\": {
            \\"kind\\": \\"Name\\",
            \\"value\\": \\"User\\",
            \\"loc\\": {
              \\"start\\": 139,
              \\"end\\": 143
            }
          },
          \\"arguments\\": [
            {
              \\"kind\\": \\"InputValueDefinition\\",
              \\"name\\": {
                \\"kind\\": \\"Name\\",
                \\"value\\": \\"id\\",
                \\"loc\\": {
                  \\"start\\": 144,
                  \\"end\\": 146
                }
              },
              \\"type\\": {
                \\"kind\\": \\"NonNullType\\",
                \\"type\\": {
                  \\"kind\\": \\"NamedType\\",
                  \\"name\\": {
                    \\"kind\\": \\"Name\\",
                    \\"value\\": \\"ID\\",
                    \\"loc\\": {
                      \\"start\\": 148,
                      \\"end\\": 150
                    }
                  },
                  \\"loc\\": {
                    \\"start\\": 148,
                    \\"end\\": 150
                  }
                },
                \\"loc\\": {
                  \\"start\\": 148,
                  \\"end\\": 151
                }
              },
              \\"directives\\": [],
              \\"loc\\": {
                \\"start\\": 144,
                \\"end\\": 151
              }
            }
          ],
          \\"type\\": {
            \\"kind\\": \\"NamedType\\",
            \\"name\\": {
              \\"kind\\": \\"Name\\",
              \\"value\\": \\"User\\",
              \\"loc\\": {
                \\"start\\": 154,
                \\"end\\": 158
              }
            },
            \\"loc\\": {
              \\"start\\": 154,
              \\"end\\": 158
            }
          },
          \\"directives\\": [],
          \\"loc\\": {
            \\"start\\": 139,
            \\"end\\": 158
          }
        },
        {
          \\"kind\\": \\"FieldDefinition\\",
          \\"name\\": {
            \\"kind\\": \\"Name\\",
            \\"value\\": \\"Notifications\\",
            \\"loc\\": {
              \\"start\\": 161,
              \\"end\\": 174
            }
          },
          \\"arguments\\": [
            {
              \\"kind\\": \\"InputValueDefinition\\",
              \\"name\\": {
                \\"kind\\": \\"Name\\",
                \\"value\\": \\"limit\\",
                \\"loc\\": {
                  \\"start\\": 175,
                  \\"end\\": 180
                }
              },
              \\"type\\": {
                \\"kind\\": \\"NamedType\\",
                \\"name\\": {
                  \\"kind\\": \\"Name\\",
                  \\"value\\": \\"Int\\",
                  \\"loc\\": {
                    \\"start\\": 182,
                    \\"end\\": 185
                  }
                },
                \\"loc\\": {
                  \\"start\\": 182,
                  \\"end\\": 185
                }
              },
              \\"directives\\": [],
              \\"loc\\": {
                \\"start\\": 175,
                \\"end\\": 185
              }
            }
          ],
          \\"type\\": {
            \\"kind\\": \\"ListType\\",
            \\"type\\": {
              \\"kind\\": \\"NamedType\\",
              \\"name\\": {
                \\"kind\\": \\"Name\\",
                \\"value\\": \\"Notification\\",
                \\"loc\\": {
                  \\"start\\": 189,
                  \\"end\\": 201
                }
              },
              \\"loc\\": {
                \\"start\\": 189,
                \\"end\\": 201
              }
            },
            \\"loc\\": {
              \\"start\\": 188,
              \\"end\\": 202
            }
          },
          \\"directives\\": [],
          \\"loc\\": {
            \\"start\\": 161,
            \\"end\\": 202
          }
        },
        {
          \\"kind\\": \\"FieldDefinition\\",
          \\"name\\": {
            \\"kind\\": \\"Name\\",
            \\"value\\": \\"NotificationsMeta\\",
            \\"loc\\": {
              \\"start\\": 205,
              \\"end\\": 222
            }
          },
          \\"arguments\\": [],
          \\"type\\": {
            \\"kind\\": \\"NamedType\\",
            \\"name\\": {
              \\"kind\\": \\"Name\\",
              \\"value\\": \\"Meta\\",
              \\"loc\\": {
                \\"start\\": 224,
                \\"end\\": 228
              }
            },
            \\"loc\\": {
              \\"start\\": 224,
              \\"end\\": 228
            }
          },
          \\"directives\\": [],
          \\"loc\\": {
            \\"start\\": 205,
            \\"end\\": 228
          }
        }
      ],
      \\"loc\\": {
        \\"start\\": 0,
        \\"end\\": 230
      }
    },
    {
      \\"kind\\": \\"ObjectTypeDefinition\\",
      \\"name\\": {
        \\"kind\\": \\"Name\\",
        \\"value\\": \\"Mutation\\",
        \\"loc\\": {
          \\"start\\": 237,
          \\"end\\": 245
        }
      },
      \\"interfaces\\": [],
      \\"directives\\": [],
      \\"fields\\": [
        {
          \\"kind\\": \\"FieldDefinition\\",
          \\"name\\": {
            \\"kind\\": \\"Name\\",
            \\"value\\": \\"createTweet\\",
            \\"loc\\": {
              \\"start\\": 250,
              \\"end\\": 261
            }
          },
          \\"arguments\\": [
            {
              \\"kind\\": \\"InputValueDefinition\\",
              \\"name\\": {
                \\"kind\\": \\"Name\\",
                \\"value\\": \\"data\\",
                \\"loc\\": {
                  \\"start\\": 262,
                  \\"end\\": 266
                }
              },
              \\"type\\": {
                \\"kind\\": \\"NamedType\\",
                \\"name\\": {
                  \\"kind\\": \\"Name\\",
                  \\"value\\": \\"createTweetInput\\",
                  \\"loc\\": {
                    \\"start\\": 268,
                    \\"end\\": 284
                  }
                },
                \\"loc\\": {
                  \\"start\\": 268,
                  \\"end\\": 284
                }
              },
              \\"directives\\": [],
              \\"loc\\": {
                \\"start\\": 262,
                \\"end\\": 284
              }
            }
          ],
          \\"type\\": {
            \\"kind\\": \\"NamedType\\",
            \\"name\\": {
              \\"kind\\": \\"Name\\",
              \\"value\\": \\"Tweet\\",
              \\"loc\\": {
                \\"start\\": 287,
                \\"end\\": 292
              }
            },
            \\"loc\\": {
              \\"start\\": 287,
              \\"end\\": 292
            }
          },
          \\"directives\\": [],
          \\"loc\\": {
            \\"start\\": 250,
            \\"end\\": 292
          }
        },
        {
          \\"kind\\": \\"FieldDefinition\\",
          \\"name\\": {
            \\"kind\\": \\"Name\\",
            \\"value\\": \\"deleteTweet\\",
            \\"loc\\": {
              \\"start\\": 295,
              \\"end\\": 306
            }
          },
          \\"arguments\\": [
            {
              \\"kind\\": \\"InputValueDefinition\\",
              \\"name\\": {
                \\"kind\\": \\"Name\\",
                \\"value\\": \\"id\\",
                \\"loc\\": {
                  \\"start\\": 307,
                  \\"end\\": 309
                }
              },
              \\"type\\": {
                \\"kind\\": \\"NonNullType\\",
                \\"type\\": {
                  \\"kind\\": \\"NamedType\\",
                  \\"name\\": {
                    \\"kind\\": \\"Name\\",
                    \\"value\\": \\"ID\\",
                    \\"loc\\": {
                      \\"start\\": 311,
                      \\"end\\": 313
                    }
                  },
                  \\"loc\\": {
                    \\"start\\": 311,
                    \\"end\\": 313
                  }
                },
                \\"loc\\": {
                  \\"start\\": 311,
                  \\"end\\": 314
                }
              },
              \\"directives\\": [],
              \\"loc\\": {
                \\"start\\": 307,
                \\"end\\": 314
              }
            }
          ],
          \\"type\\": {
            \\"kind\\": \\"NamedType\\",
            \\"name\\": {
              \\"kind\\": \\"Name\\",
              \\"value\\": \\"Tweet\\",
              \\"loc\\": {
                \\"start\\": 317,
                \\"end\\": 322
              }
            },
            \\"loc\\": {
              \\"start\\": 317,
              \\"end\\": 322
            }
          },
          \\"directives\\": [],
          \\"loc\\": {
            \\"start\\": 295,
            \\"end\\": 322
          }
        },
        {
          \\"kind\\": \\"FieldDefinition\\",
          \\"name\\": {
            \\"kind\\": \\"Name\\",
            \\"value\\": \\"markTweetRead\\",
            \\"loc\\": {
              \\"start\\": 325,
              \\"end\\": 338
            }
          },
          \\"arguments\\": [
            {
              \\"kind\\": \\"InputValueDefinition\\",
              \\"name\\": {
                \\"kind\\": \\"Name\\",
                \\"value\\": \\"id\\",
                \\"loc\\": {
                  \\"start\\": 339,
                  \\"end\\": 341
                }
              },
              \\"type\\": {
                \\"kind\\": \\"NonNullType\\",
                \\"type\\": {
                  \\"kind\\": \\"NamedType\\",
                  \\"name\\": {
                    \\"kind\\": \\"Name\\",
                    \\"value\\": \\"ID\\",
                    \\"loc\\": {
                      \\"start\\": 343,
                      \\"end\\": 345
                    }
                  },
                  \\"loc\\": {
                    \\"start\\": 343,
                    \\"end\\": 345
                  }
                },
                \\"loc\\": {
                  \\"start\\": 343,
                  \\"end\\": 346
                }
              },
              \\"directives\\": [],
              \\"loc\\": {
                \\"start\\": 339,
                \\"end\\": 346
              }
            }
          ],
          \\"type\\": {
            \\"kind\\": \\"NamedType\\",
            \\"name\\": {
              \\"kind\\": \\"Name\\",
              \\"value\\": \\"Boolean\\",
              \\"loc\\": {
                \\"start\\": 349,
                \\"end\\": 356
              }
            },
            \\"loc\\": {
              \\"start\\": 349,
              \\"end\\": 356
            }
          },
          \\"directives\\": [],
          \\"loc\\": {
            \\"start\\": 325,
            \\"end\\": 356
          }
        }
      ],
      \\"loc\\": {
        \\"start\\": 232,
        \\"end\\": 358
      }
    },
    {
      \\"kind\\": \\"ObjectTypeDefinition\\",
      \\"name\\": {
        \\"kind\\": \\"Name\\",
        \\"value\\": \\"Tweet\\",
        \\"loc\\": {
          \\"start\\": 365,
          \\"end\\": 370
        }
      },
      \\"interfaces\\": [],
      \\"directives\\": [],
      \\"fields\\": [
        {
          \\"kind\\": \\"FieldDefinition\\",
          \\"name\\": {
            \\"kind\\": \\"Name\\",
            \\"value\\": \\"id\\",
            \\"loc\\": {
              \\"start\\": 375,
              \\"end\\": 377
            }
          },
          \\"arguments\\": [],
          \\"type\\": {
            \\"kind\\": \\"NonNullType\\",
            \\"type\\": {
              \\"kind\\": \\"NamedType\\",
              \\"name\\": {
                \\"kind\\": \\"Name\\",
                \\"value\\": \\"ID\\",
                \\"loc\\": {
                  \\"start\\": 379,
                  \\"end\\": 381
                }
              },
              \\"loc\\": {
                \\"start\\": 379,
                \\"end\\": 381
              }
            },
            \\"loc\\": {
              \\"start\\": 379,
              \\"end\\": 382
            }
          },
          \\"directives\\": [],
          \\"loc\\": {
            \\"start\\": 375,
            \\"end\\": 382
          }
        },
        {
          \\"kind\\": \\"FieldDefinition\\",
          \\"name\\": {
            \\"kind\\": \\"Name\\",
            \\"value\\": \\"body\\",
            \\"loc\\": {
              \\"start\\": 385,
              \\"end\\": 389
            }
          },
          \\"arguments\\": [],
          \\"type\\": {
            \\"kind\\": \\"NonNullType\\",
            \\"type\\": {
              \\"kind\\": \\"NamedType\\",
              \\"name\\": {
                \\"kind\\": \\"Name\\",
                \\"value\\": \\"String\\",
                \\"loc\\": {
                  \\"start\\": 391,
                  \\"end\\": 397
                }
              },
              \\"loc\\": {
                \\"start\\": 391,
                \\"end\\": 397
              }
            },
            \\"loc\\": {
              \\"start\\": 391,
              \\"end\\": 398
            }
          },
          \\"directives\\": [],
          \\"loc\\": {
            \\"start\\": 385,
            \\"end\\": 398
          }
        },
        {
          \\"kind\\": \\"FieldDefinition\\",
          \\"name\\": {
            \\"kind\\": \\"Name\\",
            \\"value\\": \\"tags\\",
            \\"loc\\": {
              \\"start\\": 401,
              \\"end\\": 405
            }
          },
          \\"arguments\\": [],
          \\"type\\": {
            \\"kind\\": \\"NonNullType\\",
            \\"type\\": {
              \\"kind\\": \\"ListType\\",
              \\"type\\": {
                \\"kind\\": \\"NamedType\\",
                \\"name\\": {
                  \\"kind\\": \\"Name\\",
                  \\"value\\": \\"String\\",
                  \\"loc\\": {
                    \\"start\\": 408,
                    \\"end\\": 414
                  }
                },
                \\"loc\\": {
                  \\"start\\": 408,
                  \\"end\\": 414
                }
              },
              \\"loc\\": {
                \\"start\\": 407,
                \\"end\\": 415
              }
            },
            \\"loc\\": {
              \\"start\\": 407,
              \\"end\\": 416
            }
          },
          \\"directives\\": [],
          \\"loc\\": {
            \\"start\\": 401,
            \\"end\\": 416
          }
        },
        {
          \\"kind\\": \\"FieldDefinition\\",
          \\"name\\": {
            \\"kind\\": \\"Name\\",
            \\"value\\": \\"date\\",
            \\"loc\\": {
              \\"start\\": 419,
              \\"end\\": 423
            }
          },
          \\"arguments\\": [],
          \\"type\\": {
            \\"kind\\": \\"NamedType\\",
            \\"name\\": {
              \\"kind\\": \\"Name\\",
              \\"value\\": \\"Date\\",
              \\"loc\\": {
                \\"start\\": 425,
                \\"end\\": 429
              }
            },
            \\"loc\\": {
              \\"start\\": 425,
              \\"end\\": 429
            }
          },
          \\"directives\\": [],
          \\"loc\\": {
            \\"start\\": 419,
            \\"end\\": 429
          }
        },
        {
          \\"kind\\": \\"FieldDefinition\\",
          \\"name\\": {
            \\"kind\\": \\"Name\\",
            \\"value\\": \\"Author\\",
            \\"loc\\": {
              \\"start\\": 432,
              \\"end\\": 438
            }
          },
          \\"arguments\\": [],
          \\"type\\": {
            \\"kind\\": \\"NamedType\\",
            \\"name\\": {
              \\"kind\\": \\"Name\\",
              \\"value\\": \\"User\\",
              \\"loc\\": {
                \\"start\\": 440,
                \\"end\\": 444
              }
            },
            \\"loc\\": {
              \\"start\\": 440,
              \\"end\\": 444
            }
          },
          \\"directives\\": [],
          \\"loc\\": {
            \\"start\\": 432,
            \\"end\\": 444
          }
        },
        {
          \\"kind\\": \\"FieldDefinition\\",
          \\"name\\": {
            \\"kind\\": \\"Name\\",
            \\"value\\": \\"Stats\\",
            \\"loc\\": {
              \\"start\\": 447,
              \\"end\\": 452
            }
          },
          \\"arguments\\": [],
          \\"type\\": {
            \\"kind\\": \\"NamedType\\",
            \\"name\\": {
              \\"kind\\": \\"Name\\",
              \\"value\\": \\"Stat\\",
              \\"loc\\": {
                \\"start\\": 454,
                \\"end\\": 458
              }
            },
            \\"loc\\": {
              \\"start\\": 454,
              \\"end\\": 458
            }
          },
          \\"directives\\": [],
          \\"loc\\": {
            \\"start\\": 447,
            \\"end\\": 458
          }
        }
      ],
      \\"loc\\": {
        \\"start\\": 360,
        \\"end\\": 460
      }
    },
    {
      \\"kind\\": \\"InputObjectTypeDefinition\\",
      \\"name\\": {
        \\"kind\\": \\"Name\\",
        \\"value\\": \\"createTweetInput\\",
        \\"loc\\": {
          \\"start\\": 468,
          \\"end\\": 484
        }
      },
      \\"directives\\": [],
      \\"fields\\": [
        {
          \\"kind\\": \\"InputValueDefinition\\",
          \\"name\\": {
            \\"kind\\": \\"Name\\",
            \\"value\\": \\"body\\",
            \\"loc\\": {
              \\"start\\": 489,
              \\"end\\": 493
            }
          },
          \\"type\\": {
            \\"kind\\": \\"NonNullType\\",
            \\"type\\": {
              \\"kind\\": \\"NamedType\\",
              \\"name\\": {
                \\"kind\\": \\"Name\\",
                \\"value\\": \\"String\\",
                \\"loc\\": {
                  \\"start\\": 495,
                  \\"end\\": 501
                }
              },
              \\"loc\\": {
                \\"start\\": 495,
                \\"end\\": 501
              }
            },
            \\"loc\\": {
              \\"start\\": 495,
              \\"end\\": 502
            }
          },
          \\"directives\\": [],
          \\"loc\\": {
            \\"start\\": 489,
            \\"end\\": 502
          }
        },
        {
          \\"kind\\": \\"InputValueDefinition\\",
          \\"name\\": {
            \\"kind\\": \\"Name\\",
            \\"value\\": \\"tags\\",
            \\"loc\\": {
              \\"start\\": 505,
              \\"end\\": 509
            }
          },
          \\"type\\": {
            \\"kind\\": \\"ListType\\",
            \\"type\\": {
              \\"kind\\": \\"NamedType\\",
              \\"name\\": {
                \\"kind\\": \\"Name\\",
                \\"value\\": \\"String\\",
                \\"loc\\": {
                  \\"start\\": 512,
                  \\"end\\": 518
                }
              },
              \\"loc\\": {
                \\"start\\": 512,
                \\"end\\": 518
              }
            },
            \\"loc\\": {
              \\"start\\": 511,
              \\"end\\": 519
            }
          },
          \\"directives\\": [],
          \\"loc\\": {
            \\"start\\": 505,
            \\"end\\": 519
          }
        }
      ],
      \\"loc\\": {
        \\"start\\": 462,
        \\"end\\": 521
      }
    },
    {
      \\"kind\\": \\"ObjectTypeDefinition\\",
      \\"name\\": {
        \\"kind\\": \\"Name\\",
        \\"value\\": \\"User\\",
        \\"loc\\": {
          \\"start\\": 528,
          \\"end\\": 532
        }
      },
      \\"interfaces\\": [],
      \\"directives\\": [],
      \\"fields\\": [
        {
          \\"kind\\": \\"FieldDefinition\\",
          \\"name\\": {
            \\"kind\\": \\"Name\\",
            \\"value\\": \\"id\\",
            \\"loc\\": {
              \\"start\\": 537,
              \\"end\\": 539
            }
          },
          \\"arguments\\": [],
          \\"type\\": {
            \\"kind\\": \\"NonNullType\\",
            \\"type\\": {
              \\"kind\\": \\"NamedType\\",
              \\"name\\": {
                \\"kind\\": \\"Name\\",
                \\"value\\": \\"ID\\",
                \\"loc\\": {
                  \\"start\\": 541,
                  \\"end\\": 543
                }
              },
              \\"loc\\": {
                \\"start\\": 541,
                \\"end\\": 543
              }
            },
            \\"loc\\": {
              \\"start\\": 541,
              \\"end\\": 544
            }
          },
          \\"directives\\": [],
          \\"loc\\": {
            \\"start\\": 537,
            \\"end\\": 544
          }
        },
        {
          \\"kind\\": \\"FieldDefinition\\",
          \\"name\\": {
            \\"kind\\": \\"Name\\",
            \\"value\\": \\"username\\",
            \\"loc\\": {
              \\"start\\": 547,
              \\"end\\": 555
            }
          },
          \\"arguments\\": [],
          \\"type\\": {
            \\"kind\\": \\"NamedType\\",
            \\"name\\": {
              \\"kind\\": \\"Name\\",
              \\"value\\": \\"String\\",
              \\"loc\\": {
                \\"start\\": 557,
                \\"end\\": 563
              }
            },
            \\"loc\\": {
              \\"start\\": 557,
              \\"end\\": 563
            }
          },
          \\"directives\\": [],
          \\"loc\\": {
            \\"start\\": 547,
            \\"end\\": 563
          }
        },
        {
          \\"kind\\": \\"FieldDefinition\\",
          \\"name\\": {
            \\"kind\\": \\"Name\\",
            \\"value\\": \\"first_name\\",
            \\"loc\\": {
              \\"start\\": 566,
              \\"end\\": 576
            }
          },
          \\"arguments\\": [],
          \\"type\\": {
            \\"kind\\": \\"NamedType\\",
            \\"name\\": {
              \\"kind\\": \\"Name\\",
              \\"value\\": \\"String\\",
              \\"loc\\": {
                \\"start\\": 578,
                \\"end\\": 584
              }
            },
            \\"loc\\": {
              \\"start\\": 578,
              \\"end\\": 584
            }
          },
          \\"directives\\": [],
          \\"loc\\": {
            \\"start\\": 566,
            \\"end\\": 584
          }
        },
        {
          \\"kind\\": \\"FieldDefinition\\",
          \\"name\\": {
            \\"kind\\": \\"Name\\",
            \\"value\\": \\"last_name\\",
            \\"loc\\": {
              \\"start\\": 587,
              \\"end\\": 596
            }
          },
          \\"arguments\\": [],
          \\"type\\": {
            \\"kind\\": \\"NamedType\\",
            \\"name\\": {
              \\"kind\\": \\"Name\\",
              \\"value\\": \\"String\\",
              \\"loc\\": {
                \\"start\\": 598,
                \\"end\\": 604
              }
            },
            \\"loc\\": {
              \\"start\\": 598,
              \\"end\\": 604
            }
          },
          \\"directives\\": [],
          \\"loc\\": {
            \\"start\\": 587,
            \\"end\\": 604
          }
        },
        {
          \\"kind\\": \\"FieldDefinition\\",
          \\"name\\": {
            \\"kind\\": \\"Name\\",
            \\"value\\": \\"full_name\\",
            \\"loc\\": {
              \\"start\\": 607,
              \\"end\\": 616
            }
          },
          \\"arguments\\": [],
          \\"type\\": {
            \\"kind\\": \\"NamedType\\",
            \\"name\\": {
              \\"kind\\": \\"Name\\",
              \\"value\\": \\"String\\",
              \\"loc\\": {
                \\"start\\": 618,
                \\"end\\": 624
              }
            },
            \\"loc\\": {
              \\"start\\": 618,
              \\"end\\": 624
            }
          },
          \\"directives\\": [],
          \\"loc\\": {
            \\"start\\": 607,
            \\"end\\": 624
          }
        },
        {
          \\"kind\\": \\"FieldDefinition\\",
          \\"name\\": {
            \\"kind\\": \\"Name\\",
            \\"value\\": \\"name\\",
            \\"loc\\": {
              \\"start\\": 627,
              \\"end\\": 631
            }
          },
          \\"arguments\\": [],
          \\"type\\": {
            \\"kind\\": \\"NamedType\\",
            \\"name\\": {
              \\"kind\\": \\"Name\\",
              \\"value\\": \\"String\\",
              \\"loc\\": {
                \\"start\\": 633,
                \\"end\\": 639
              }
            },
            \\"loc\\": {
              \\"start\\": 633,
              \\"end\\": 639
            }
          },
          \\"directives\\": [
            {
              \\"kind\\": \\"Directive\\",
              \\"name\\": {
                \\"kind\\": \\"Name\\",
                \\"value\\": \\"deprecated\\",
                \\"loc\\": {
                  \\"start\\": 641,
                  \\"end\\": 651
                }
              },
              \\"arguments\\": [],
              \\"loc\\": {
                \\"start\\": 640,
                \\"end\\": 651
              }
            }
          ],
          \\"loc\\": {
            \\"start\\": 627,
            \\"end\\": 651
          }
        },
        {
          \\"kind\\": \\"FieldDefinition\\",
          \\"name\\": {
            \\"kind\\": \\"Name\\",
            \\"value\\": \\"avatar_url\\",
            \\"loc\\": {
              \\"start\\": 654,
              \\"end\\": 664
            }
          },
          \\"arguments\\": [],
          \\"type\\": {
            \\"kind\\": \\"NamedType\\",
            \\"name\\": {
              \\"kind\\": \\"Name\\",
              \\"value\\": \\"Url\\",
              \\"loc\\": {
                \\"start\\": 666,
                \\"end\\": 669
              }
            },
            \\"loc\\": {
              \\"start\\": 666,
              \\"end\\": 669
            }
          },
          \\"directives\\": [],
          \\"loc\\": {
            \\"start\\": 654,
            \\"end\\": 669
          }
        }
      ],
      \\"loc\\": {
        \\"start\\": 523,
        \\"end\\": 671
      }
    },
    {
      \\"kind\\": \\"ObjectTypeDefinition\\",
      \\"name\\": {
        \\"kind\\": \\"Name\\",
        \\"value\\": \\"Stat\\",
        \\"loc\\": {
          \\"start\\": 678,
          \\"end\\": 682
        }
      },
      \\"interfaces\\": [],
      \\"directives\\": [],
      \\"fields\\": [
        {
          \\"kind\\": \\"FieldDefinition\\",
          \\"name\\": {
            \\"kind\\": \\"Name\\",
            \\"value\\": \\"views\\",
            \\"loc\\": {
              \\"start\\": 687,
              \\"end\\": 692
            }
          },
          \\"arguments\\": [],
          \\"type\\": {
            \\"kind\\": \\"NamedType\\",
            \\"name\\": {
              \\"kind\\": \\"Name\\",
              \\"value\\": \\"Int\\",
              \\"loc\\": {
                \\"start\\": 694,
                \\"end\\": 697
              }
            },
            \\"loc\\": {
              \\"start\\": 694,
              \\"end\\": 697
            }
          },
          \\"directives\\": [],
          \\"loc\\": {
            \\"start\\": 687,
            \\"end\\": 697
          }
        },
        {
          \\"kind\\": \\"FieldDefinition\\",
          \\"name\\": {
            \\"kind\\": \\"Name\\",
            \\"value\\": \\"likes\\",
            \\"loc\\": {
              \\"start\\": 700,
              \\"end\\": 705
            }
          },
          \\"arguments\\": [],
          \\"type\\": {
            \\"kind\\": \\"NamedType\\",
            \\"name\\": {
              \\"kind\\": \\"Name\\",
              \\"value\\": \\"Int\\",
              \\"loc\\": {
                \\"start\\": 707,
                \\"end\\": 710
              }
            },
            \\"loc\\": {
              \\"start\\": 707,
              \\"end\\": 710
            }
          },
          \\"directives\\": [],
          \\"loc\\": {
            \\"start\\": 700,
            \\"end\\": 710
          }
        },
        {
          \\"kind\\": \\"FieldDefinition\\",
          \\"name\\": {
            \\"kind\\": \\"Name\\",
            \\"value\\": \\"retweets\\",
            \\"loc\\": {
              \\"start\\": 713,
              \\"end\\": 721
            }
          },
          \\"arguments\\": [],
          \\"type\\": {
            \\"kind\\": \\"NamedType\\",
            \\"name\\": {
              \\"kind\\": \\"Name\\",
              \\"value\\": \\"Int\\",
              \\"loc\\": {
                \\"start\\": 723,
                \\"end\\": 726
              }
            },
            \\"loc\\": {
              \\"start\\": 723,
              \\"end\\": 726
            }
          },
          \\"directives\\": [],
          \\"loc\\": {
            \\"start\\": 713,
            \\"end\\": 726
          }
        },
        {
          \\"kind\\": \\"FieldDefinition\\",
          \\"name\\": {
            \\"kind\\": \\"Name\\",
            \\"value\\": \\"responses\\",
            \\"loc\\": {
              \\"start\\": 729,
              \\"end\\": 738
            }
          },
          \\"arguments\\": [],
          \\"type\\": {
            \\"kind\\": \\"NamedType\\",
            \\"name\\": {
              \\"kind\\": \\"Name\\",
              \\"value\\": \\"Int\\",
              \\"loc\\": {
                \\"start\\": 740,
                \\"end\\": 743
              }
            },
            \\"loc\\": {
              \\"start\\": 740,
              \\"end\\": 743
            }
          },
          \\"directives\\": [],
          \\"loc\\": {
            \\"start\\": 729,
            \\"end\\": 743
          }
        }
      ],
      \\"loc\\": {
        \\"start\\": 673,
        \\"end\\": 745
      }
    },
    {
      \\"kind\\": \\"ObjectTypeDefinition\\",
      \\"name\\": {
        \\"kind\\": \\"Name\\",
        \\"value\\": \\"Notification\\",
        \\"loc\\": {
          \\"start\\": 752,
          \\"end\\": 764
        }
      },
      \\"interfaces\\": [],
      \\"directives\\": [],
      \\"fields\\": [
        {
          \\"kind\\": \\"FieldDefinition\\",
          \\"name\\": {
            \\"kind\\": \\"Name\\",
            \\"value\\": \\"id\\",
            \\"loc\\": {
              \\"start\\": 769,
              \\"end\\": 771
            }
          },
          \\"arguments\\": [],
          \\"type\\": {
            \\"kind\\": \\"NamedType\\",
            \\"name\\": {
              \\"kind\\": \\"Name\\",
              \\"value\\": \\"ID\\",
              \\"loc\\": {
                \\"start\\": 773,
                \\"end\\": 775
              }
            },
            \\"loc\\": {
              \\"start\\": 773,
              \\"end\\": 775
            }
          },
          \\"directives\\": [],
          \\"loc\\": {
            \\"start\\": 769,
            \\"end\\": 775
          }
        },
        {
          \\"kind\\": \\"FieldDefinition\\",
          \\"name\\": {
            \\"kind\\": \\"Name\\",
            \\"value\\": \\"date\\",
            \\"loc\\": {
              \\"start\\": 778,
              \\"end\\": 782
            }
          },
          \\"arguments\\": [],
          \\"type\\": {
            \\"kind\\": \\"NamedType\\",
            \\"name\\": {
              \\"kind\\": \\"Name\\",
              \\"value\\": \\"Date\\",
              \\"loc\\": {
                \\"start\\": 784,
                \\"end\\": 788
              }
            },
            \\"loc\\": {
              \\"start\\": 784,
              \\"end\\": 788
            }
          },
          \\"directives\\": [],
          \\"loc\\": {
            \\"start\\": 778,
            \\"end\\": 788
          }
        },
        {
          \\"kind\\": \\"FieldDefinition\\",
          \\"name\\": {
            \\"kind\\": \\"Name\\",
            \\"value\\": \\"type\\",
            \\"loc\\": {
              \\"start\\": 791,
              \\"end\\": 795
            }
          },
          \\"arguments\\": [],
          \\"type\\": {
            \\"kind\\": \\"NamedType\\",
            \\"name\\": {
              \\"kind\\": \\"Name\\",
              \\"value\\": \\"String\\",
              \\"loc\\": {
                \\"start\\": 797,
                \\"end\\": 803
              }
            },
            \\"loc\\": {
              \\"start\\": 797,
              \\"end\\": 803
            }
          },
          \\"directives\\": [],
          \\"loc\\": {
            \\"start\\": 791,
            \\"end\\": 803
          }
        }
      ],
      \\"loc\\": {
        \\"start\\": 747,
        \\"end\\": 805
      }
    },
    {
      \\"kind\\": \\"ObjectTypeDefinition\\",
      \\"name\\": {
        \\"kind\\": \\"Name\\",
        \\"value\\": \\"Meta\\",
        \\"loc\\": {
          \\"start\\": 812,
          \\"end\\": 816
        }
      },
      \\"interfaces\\": [],
      \\"directives\\": [],
      \\"fields\\": [
        {
          \\"kind\\": \\"FieldDefinition\\",
          \\"name\\": {
            \\"kind\\": \\"Name\\",
            \\"value\\": \\"count\\",
            \\"loc\\": {
              \\"start\\": 821,
              \\"end\\": 826
            }
          },
          \\"arguments\\": [],
          \\"type\\": {
            \\"kind\\": \\"NamedType\\",
            \\"name\\": {
              \\"kind\\": \\"Name\\",
              \\"value\\": \\"Int\\",
              \\"loc\\": {
                \\"start\\": 828,
                \\"end\\": 831
              }
            },
            \\"loc\\": {
              \\"start\\": 828,
              \\"end\\": 831
            }
          },
          \\"directives\\": [],
          \\"loc\\": {
            \\"start\\": 821,
            \\"end\\": 831
          }
        }
      ],
      \\"loc\\": {
        \\"start\\": 807,
        \\"end\\": 833
      }
    },
    {
      \\"kind\\": \\"ScalarTypeDefinition\\",
      \\"name\\": {
        \\"kind\\": \\"Name\\",
        \\"value\\": \\"Url\\",
        \\"loc\\": {
          \\"start\\": 842,
          \\"end\\": 845
        }
      },
      \\"directives\\": [],
      \\"loc\\": {
        \\"start\\": 835,
        \\"end\\": 845
      }
    },
    {
      \\"kind\\": \\"ScalarTypeDefinition\\",
      \\"name\\": {
        \\"kind\\": \\"Name\\",
        \\"value\\": \\"Date\\",
        \\"loc\\": {
          \\"start\\": 854,
          \\"end\\": 858
        }
      },
      \\"directives\\": [],
      \\"loc\\": {
        \\"start\\": 847,
        \\"end\\": 858
      }
    }
  ],
  \\"loc\\": {
    \\"start\\": 0,
    \\"end\\": 859
  }
}"
`;

exports[`TypeDefsEditor (Basics) .print() matches snapshot 1`] = `
"type Query {
  Tweet(id: ID!): Tweet
  Tweets(limit: Int, skip: Int, sort_field: String, sort_order: String): [Tweet]
  TweetsMeta: Meta
  User(id: ID!): User
  Notifications(limit: Int): [Notification]
  NotificationsMeta: Meta
}

type Mutation {
  createTweet(data: createTweetInput): Tweet
  deleteTweet(id: ID!): Tweet
  markTweetRead(id: ID!): Boolean
}

type Tweet {
  id: ID!
  body: String!
  tags: [String]!
  date: Date
  Author: User
  Stats: Stat
}

input createTweetInput {
  body: String!
  tags: [String]
}

type User {
  id: ID!
  username: String
  first_name: String
  last_name: String
  full_name: String
  name: String @deprecated
  avatar_url: Url
}

type Stat {
  views: Int
  likes: Int
  retweets: Int
  responses: Int
}

type Notification {
  id: ID
  date: Date
  type: String
}

type Meta {
  count: Int
}

scalar Url

scalar Date
"
`;
