// Jest Snapshot v1, https://goo.gl/fbAQLP

exports[`TypeDefsEditor (Basics) .node() matches snapschot 1`] = `
"{
  \\"kind\\": \\"Document\\",
  \\"definitions\\": [
    {
      \\"kind\\": \\"ObjectTypeDefinition\\",
      \\"name\\": {
        \\"kind\\": \\"Name\\",
        \\"value\\": \\"Query\\",
        \\"loc\\": {
          \\"start\\": 5,
          \\"end\\": 10
        }
      },
      \\"interfaces\\": [],
      \\"directives\\": [],
      \\"fields\\": [
        {
          \\"kind\\": \\"FieldDefinition\\",
          \\"name\\": {
            \\"kind\\": \\"Name\\",
            \\"value\\": \\"Tweet\\",
            \\"loc\\": {
              \\"start\\": 15,
              \\"end\\": 20
            }
          },
          \\"arguments\\": [
            {
              \\"kind\\": \\"InputValueDefinition\\",
              \\"name\\": {
                \\"kind\\": \\"Name\\",
                \\"value\\": \\"id\\",
                \\"loc\\": {
                  \\"start\\": 21,
                  \\"end\\": 23
                }
              },
              \\"type\\": {
                \\"kind\\": \\"NonNullType\\",
                \\"type\\": {
                  \\"kind\\": \\"NamedType\\",
                  \\"name\\": {
                    \\"kind\\": \\"Name\\",
                    \\"value\\": \\"ID\\",
                    \\"loc\\": {
                      \\"start\\": 25,
                      \\"end\\": 27
                    }
                  },
                  \\"loc\\": {
                    \\"start\\": 25,
                    \\"end\\": 27
                  }
                },
                \\"loc\\": {
                  \\"start\\": 25,
                  \\"end\\": 28
                }
              },
              \\"directives\\": [],
              \\"loc\\": {
                \\"start\\": 21,
                \\"end\\": 28
              }
            }
          ],
          \\"type\\": {
            \\"kind\\": \\"NamedType\\",
            \\"name\\": {
              \\"kind\\": \\"Name\\",
              \\"value\\": \\"Tweet\\",
              \\"loc\\": {
                \\"start\\": 31,
                \\"end\\": 36
              }
            },
            \\"loc\\": {
              \\"start\\": 31,
              \\"end\\": 36
            }
          },
          \\"directives\\": [],
          \\"loc\\": {
            \\"start\\": 15,
            \\"end\\": 36
          }
        },
        {
          \\"kind\\": \\"FieldDefinition\\",
          \\"name\\": {
            \\"kind\\": \\"Name\\",
            \\"value\\": \\"Tweets\\",
            \\"loc\\": {
              \\"start\\": 39,
              \\"end\\": 45
            }
          },
          \\"arguments\\": [
            {
              \\"kind\\": \\"InputValueDefinition\\",
              \\"name\\": {
                \\"kind\\": \\"Name\\",
                \\"value\\": \\"limit\\",
                \\"loc\\": {
                  \\"start\\": 46,
                  \\"end\\": 51
                }
              },
              \\"type\\": {
                \\"kind\\": \\"NamedType\\",
                \\"name\\": {
                  \\"kind\\": \\"Name\\",
                  \\"value\\": \\"Int\\",
                  \\"loc\\": {
                    \\"start\\": 53,
                    \\"end\\": 56
                  }
                },
                \\"loc\\": {
                  \\"start\\": 53,
                  \\"end\\": 56
                }
              },
              \\"directives\\": [],
              \\"loc\\": {
                \\"start\\": 46,
                \\"end\\": 56
              }
            },
            {
              \\"kind\\": \\"InputValueDefinition\\",
              \\"name\\": {
                \\"kind\\": \\"Name\\",
                \\"value\\": \\"skip\\",
                \\"loc\\": {
                  \\"start\\": 58,
                  \\"end\\": 62
                }
              },
              \\"type\\": {
                \\"kind\\": \\"NamedType\\",
                \\"name\\": {
                  \\"kind\\": \\"Name\\",
                  \\"value\\": \\"Int\\",
                  \\"loc\\": {
                    \\"start\\": 64,
                    \\"end\\": 67
                  }
                },
                \\"loc\\": {
                  \\"start\\": 64,
                  \\"end\\": 67
                }
              },
              \\"directives\\": [],
              \\"loc\\": {
                \\"start\\": 58,
                \\"end\\": 67
              }
            },
            {
              \\"kind\\": \\"InputValueDefinition\\",
              \\"name\\": {
                \\"kind\\": \\"Name\\",
                \\"value\\": \\"sort_field\\",
                \\"loc\\": {
                  \\"start\\": 69,
                  \\"end\\": 79
                }
              },
              \\"type\\": {
                \\"kind\\": \\"NamedType\\",
                \\"name\\": {
                  \\"kind\\": \\"Name\\",
                  \\"value\\": \\"String\\",
                  \\"loc\\": {
                    \\"start\\": 81,
                    \\"end\\": 87
                  }
                },
                \\"loc\\": {
                  \\"start\\": 81,
                  \\"end\\": 87
                }
              },
              \\"directives\\": [],
              \\"loc\\": {
                \\"start\\": 69,
                \\"end\\": 87
              }
            },
            {
              \\"kind\\": \\"InputValueDefinition\\",
              \\"name\\": {
                \\"kind\\": \\"Name\\",
                \\"value\\": \\"sort_order\\",
                \\"loc\\": {
                  \\"start\\": 89,
                  \\"end\\": 99
                }
              },
              \\"type\\": {
                \\"kind\\": \\"NamedType\\",
                \\"name\\": {
                  \\"kind\\": \\"Name\\",
                  \\"value\\": \\"String\\",
                  \\"loc\\": {
                    \\"start\\": 101,
                    \\"end\\": 107
                  }
                },
                \\"loc\\": {
                  \\"start\\": 101,
                  \\"end\\": 107
                }
              },
              \\"directives\\": [],
              \\"loc\\": {
                \\"start\\": 89,
                \\"end\\": 107
              }
            }
          ],
          \\"type\\": {
            \\"kind\\": \\"ListType\\",
            \\"type\\": {
              \\"kind\\": \\"NamedType\\",
              \\"name\\": {
                \\"kind\\": \\"Name\\",
                \\"value\\": \\"Tweet\\",
                \\"loc\\": {
                  \\"start\\": 111,
                  \\"end\\": 116
                }
              },
              \\"loc\\": {
                \\"start\\": 111,
                \\"end\\": 116
              }
            },
            \\"loc\\": {
              \\"start\\": 110,
              \\"end\\": 117
            }
          },
          \\"directives\\": [],
          \\"loc\\": {
            \\"start\\": 39,
            \\"end\\": 117
          }
        },
        {
          \\"kind\\": \\"FieldDefinition\\",
          \\"name\\": {
            \\"kind\\": \\"Name\\",
            \\"value\\": \\"TweetsMeta\\",
            \\"loc\\": {
              \\"start\\": 120,
              \\"end\\": 130
            }
          },
          \\"arguments\\": [],
          \\"type\\": {
            \\"kind\\": \\"NamedType\\",
            \\"name\\": {
              \\"kind\\": \\"Name\\",
              \\"value\\": \\"Meta\\",
              \\"loc\\": {
                \\"start\\": 132,
                \\"end\\": 136
              }
            },
            \\"loc\\": {
              \\"start\\": 132,
              \\"end\\": 136
            }
          },
          \\"directives\\": [],
          \\"loc\\": {
            \\"start\\": 120,
            \\"end\\": 136
          }
        },
        {
          \\"kind\\": \\"FieldDefinition\\",
          \\"name\\": {
            \\"kind\\": \\"Name\\",
            \\"value\\": \\"User\\",
            \\"loc\\": {
              \\"start\\": 139,
              \\"end\\": 143
            }
          },
          \\"arguments\\": [
            {
              \\"kind\\": \\"InputValueDefinition\\",
              \\"name\\": {
                \\"kind\\": \\"Name\\",
                \\"value\\": \\"id\\",
                \\"loc\\": {
                  \\"start\\": 144,
                  \\"end\\": 146
                }
              },
              \\"type\\": {
                \\"kind\\": \\"NonNullType\\",
                \\"type\\": {
                  \\"kind\\": \\"NamedType\\",
                  \\"name\\": {
                    \\"kind\\": \\"Name\\",
                    \\"value\\": \\"ID\\",
                    \\"loc\\": {
                      \\"start\\": 148,
                      \\"end\\": 150
                    }
                  },
                  \\"loc\\": {
                    \\"start\\": 148,
                    \\"end\\": 150
                  }
                },
                \\"loc\\": {
                  \\"start\\": 148,
                  \\"end\\": 151
                }
              },
              \\"directives\\": [],
              \\"loc\\": {
                \\"start\\": 144,
                \\"end\\": 151
              }
            }
          ],
          \\"type\\": {
            \\"kind\\": \\"NamedType\\",
            \\"name\\": {
              \\"kind\\": \\"Name\\",
              \\"value\\": \\"User\\",
              \\"loc\\": {
                \\"start\\": 154,
                \\"end\\": 158
              }
            },
            \\"loc\\": {
              \\"start\\": 154,
              \\"end\\": 158
            }
          },
          \\"directives\\": [],
          \\"loc\\": {
            \\"start\\": 139,
            \\"end\\": 158
          }
        },
        {
          \\"kind\\": \\"FieldDefinition\\",
          \\"name\\": {
            \\"kind\\": \\"Name\\",
            \\"value\\": \\"Notifications\\",
            \\"loc\\": {
              \\"start\\": 161,
              \\"end\\": 174
            }
          },
          \\"arguments\\": [
            {
              \\"kind\\": \\"InputValueDefinition\\",
              \\"name\\": {
                \\"kind\\": \\"Name\\",
                \\"value\\": \\"limit\\",
                \\"loc\\": {
                  \\"start\\": 175,
                  \\"end\\": 180
                }
              },
              \\"type\\": {
                \\"kind\\": \\"NamedType\\",
                \\"name\\": {
                  \\"kind\\": \\"Name\\",
                  \\"value\\": \\"Int\\",
                  \\"loc\\": {
                    \\"start\\": 182,
                    \\"end\\": 185
                  }
                },
                \\"loc\\": {
                  \\"start\\": 182,
                  \\"end\\": 185
                }
              },
              \\"directives\\": [],
              \\"loc\\": {
                \\"start\\": 175,
                \\"end\\": 185
              }
            }
          ],
          \\"type\\": {
            \\"kind\\": \\"ListType\\",
            \\"type\\": {
              \\"kind\\": \\"NamedType\\",
              \\"name\\": {
                \\"kind\\": \\"Name\\",
                \\"value\\": \\"Notification\\",
                \\"loc\\": {
                  \\"start\\": 189,
                  \\"end\\": 201
                }
              },
              \\"loc\\": {
                \\"start\\": 189,
                \\"end\\": 201
              }
            },
            \\"loc\\": {
              \\"start\\": 188,
              \\"end\\": 202
            }
          },
          \\"directives\\": [],
          \\"loc\\": {
            \\"start\\": 161,
            \\"end\\": 202
          }
        },
        {
          \\"kind\\": \\"FieldDefinition\\",
          \\"name\\": {
            \\"kind\\": \\"Name\\",
            \\"value\\": \\"NotificationsMeta\\",
            \\"loc\\": {
              \\"start\\": 205,
              \\"end\\": 222
            }
          },
          \\"arguments\\": [],
          \\"type\\": {
            \\"kind\\": \\"NamedType\\",
            \\"name\\": {
              \\"kind\\": \\"Name\\",
              \\"value\\": \\"Meta\\",
              \\"loc\\": {
                \\"start\\": 224,
                \\"end\\": 228
              }
            },
            \\"loc\\": {
              \\"start\\": 224,
              \\"end\\": 228
            }
          },
          \\"directives\\": [],
          \\"loc\\": {
            \\"start\\": 205,
            \\"end\\": 228
          }
        }
      ],
      \\"loc\\": {
        \\"start\\": 0,
        \\"end\\": 230
      }
    },
    {
      \\"kind\\": \\"ObjectTypeDefinition\\",
      \\"name\\": {
        \\"kind\\": \\"Name\\",
        \\"value\\": \\"Mutation\\",
        \\"loc\\": {
          \\"start\\": 237,
          \\"end\\": 245
        }
      },
      \\"interfaces\\": [],
      \\"directives\\": [],
      \\"fields\\": [
        {
          \\"kind\\": \\"FieldDefinition\\",
          \\"name\\": {
            \\"kind\\": \\"Name\\",
            \\"value\\": \\"createTweet\\",
            \\"loc\\": {
              \\"start\\": 250,
              \\"end\\": 261
            }
          },
          \\"arguments\\": [
            {
              \\"kind\\": \\"InputValueDefinition\\",
              \\"name\\": {
                \\"kind\\": \\"Name\\",
                \\"value\\": \\"body\\",
                \\"loc\\": {
                  \\"start\\": 262,
                  \\"end\\": 266
                }
              },
              \\"type\\": {
                \\"kind\\": \\"NamedType\\",
                \\"name\\": {
                  \\"kind\\": \\"Name\\",
                  \\"value\\": \\"String\\",
                  \\"loc\\": {
                    \\"start\\": 268,
                    \\"end\\": 274
                  }
                },
                \\"loc\\": {
                  \\"start\\": 268,
                  \\"end\\": 274
                }
              },
              \\"directives\\": [],
              \\"loc\\": {
                \\"start\\": 262,
                \\"end\\": 274
              }
            }
          ],
          \\"type\\": {
            \\"kind\\": \\"NamedType\\",
            \\"name\\": {
              \\"kind\\": \\"Name\\",
              \\"value\\": \\"Tweet\\",
              \\"loc\\": {
                \\"start\\": 277,
                \\"end\\": 282
              }
            },
            \\"loc\\": {
              \\"start\\": 277,
              \\"end\\": 282
            }
          },
          \\"directives\\": [],
          \\"loc\\": {
            \\"start\\": 250,
            \\"end\\": 282
          }
        },
        {
          \\"kind\\": \\"FieldDefinition\\",
          \\"name\\": {
            \\"kind\\": \\"Name\\",
            \\"value\\": \\"deleteTweet\\",
            \\"loc\\": {
              \\"start\\": 285,
              \\"end\\": 296
            }
          },
          \\"arguments\\": [
            {
              \\"kind\\": \\"InputValueDefinition\\",
              \\"name\\": {
                \\"kind\\": \\"Name\\",
                \\"value\\": \\"id\\",
                \\"loc\\": {
                  \\"start\\": 297,
                  \\"end\\": 299
                }
              },
              \\"type\\": {
                \\"kind\\": \\"NonNullType\\",
                \\"type\\": {
                  \\"kind\\": \\"NamedType\\",
                  \\"name\\": {
                    \\"kind\\": \\"Name\\",
                    \\"value\\": \\"ID\\",
                    \\"loc\\": {
                      \\"start\\": 301,
                      \\"end\\": 303
                    }
                  },
                  \\"loc\\": {
                    \\"start\\": 301,
                    \\"end\\": 303
                  }
                },
                \\"loc\\": {
                  \\"start\\": 301,
                  \\"end\\": 304
                }
              },
              \\"directives\\": [],
              \\"loc\\": {
                \\"start\\": 297,
                \\"end\\": 304
              }
            }
          ],
          \\"type\\": {
            \\"kind\\": \\"NamedType\\",
            \\"name\\": {
              \\"kind\\": \\"Name\\",
              \\"value\\": \\"Tweet\\",
              \\"loc\\": {
                \\"start\\": 307,
                \\"end\\": 312
              }
            },
            \\"loc\\": {
              \\"start\\": 307,
              \\"end\\": 312
            }
          },
          \\"directives\\": [],
          \\"loc\\": {
            \\"start\\": 285,
            \\"end\\": 312
          }
        },
        {
          \\"kind\\": \\"FieldDefinition\\",
          \\"name\\": {
            \\"kind\\": \\"Name\\",
            \\"value\\": \\"markTweetRead\\",
            \\"loc\\": {
              \\"start\\": 315,
              \\"end\\": 328
            }
          },
          \\"arguments\\": [
            {
              \\"kind\\": \\"InputValueDefinition\\",
              \\"name\\": {
                \\"kind\\": \\"Name\\",
                \\"value\\": \\"id\\",
                \\"loc\\": {
                  \\"start\\": 329,
                  \\"end\\": 331
                }
              },
              \\"type\\": {
                \\"kind\\": \\"NonNullType\\",
                \\"type\\": {
                  \\"kind\\": \\"NamedType\\",
                  \\"name\\": {
                    \\"kind\\": \\"Name\\",
                    \\"value\\": \\"ID\\",
                    \\"loc\\": {
                      \\"start\\": 333,
                      \\"end\\": 335
                    }
                  },
                  \\"loc\\": {
                    \\"start\\": 333,
                    \\"end\\": 335
                  }
                },
                \\"loc\\": {
                  \\"start\\": 333,
                  \\"end\\": 336
                }
              },
              \\"directives\\": [],
              \\"loc\\": {
                \\"start\\": 329,
                \\"end\\": 336
              }
            }
          ],
          \\"type\\": {
            \\"kind\\": \\"NamedType\\",
            \\"name\\": {
              \\"kind\\": \\"Name\\",
              \\"value\\": \\"Boolean\\",
              \\"loc\\": {
                \\"start\\": 339,
                \\"end\\": 346
              }
            },
            \\"loc\\": {
              \\"start\\": 339,
              \\"end\\": 346
            }
          },
          \\"directives\\": [],
          \\"loc\\": {
            \\"start\\": 315,
            \\"end\\": 346
          }
        }
      ],
      \\"loc\\": {
        \\"start\\": 232,
        \\"end\\": 348
      }
    },
    {
      \\"kind\\": \\"ObjectTypeDefinition\\",
      \\"name\\": {
        \\"kind\\": \\"Name\\",
        \\"value\\": \\"Tweet\\",
        \\"loc\\": {
          \\"start\\": 355,
          \\"end\\": 360
        }
      },
      \\"interfaces\\": [],
      \\"directives\\": [],
      \\"fields\\": [
        {
          \\"kind\\": \\"FieldDefinition\\",
          \\"name\\": {
            \\"kind\\": \\"Name\\",
            \\"value\\": \\"id\\",
            \\"loc\\": {
              \\"start\\": 365,
              \\"end\\": 367
            }
          },
          \\"arguments\\": [],
          \\"type\\": {
            \\"kind\\": \\"NonNullType\\",
            \\"type\\": {
              \\"kind\\": \\"NamedType\\",
              \\"name\\": {
                \\"kind\\": \\"Name\\",
                \\"value\\": \\"ID\\",
                \\"loc\\": {
                  \\"start\\": 369,
                  \\"end\\": 371
                }
              },
              \\"loc\\": {
                \\"start\\": 369,
                \\"end\\": 371
              }
            },
            \\"loc\\": {
              \\"start\\": 369,
              \\"end\\": 372
            }
          },
          \\"directives\\": [],
          \\"loc\\": {
            \\"start\\": 365,
            \\"end\\": 372
          }
        },
        {
          \\"kind\\": \\"FieldDefinition\\",
          \\"name\\": {
            \\"kind\\": \\"Name\\",
            \\"value\\": \\"body\\",
            \\"loc\\": {
              \\"start\\": 375,
              \\"end\\": 379
            }
          },
          \\"arguments\\": [],
          \\"type\\": {
            \\"kind\\": \\"NamedType\\",
            \\"name\\": {
              \\"kind\\": \\"Name\\",
              \\"value\\": \\"String\\",
              \\"loc\\": {
                \\"start\\": 381,
                \\"end\\": 387
              }
            },
            \\"loc\\": {
              \\"start\\": 381,
              \\"end\\": 387
            }
          },
          \\"directives\\": [],
          \\"loc\\": {
            \\"start\\": 375,
            \\"end\\": 387
          }
        },
        {
          \\"kind\\": \\"FieldDefinition\\",
          \\"name\\": {
            \\"kind\\": \\"Name\\",
            \\"value\\": \\"date\\",
            \\"loc\\": {
              \\"start\\": 390,
              \\"end\\": 394
            }
          },
          \\"arguments\\": [],
          \\"type\\": {
            \\"kind\\": \\"NamedType\\",
            \\"name\\": {
              \\"kind\\": \\"Name\\",
              \\"value\\": \\"Date\\",
              \\"loc\\": {
                \\"start\\": 396,
                \\"end\\": 400
              }
            },
            \\"loc\\": {
              \\"start\\": 396,
              \\"end\\": 400
            }
          },
          \\"directives\\": [],
          \\"loc\\": {
            \\"start\\": 390,
            \\"end\\": 400
          }
        },
        {
          \\"kind\\": \\"FieldDefinition\\",
          \\"name\\": {
            \\"kind\\": \\"Name\\",
            \\"value\\": \\"Author\\",
            \\"loc\\": {
              \\"start\\": 403,
              \\"end\\": 409
            }
          },
          \\"arguments\\": [],
          \\"type\\": {
            \\"kind\\": \\"NamedType\\",
            \\"name\\": {
              \\"kind\\": \\"Name\\",
              \\"value\\": \\"User\\",
              \\"loc\\": {
                \\"start\\": 411,
                \\"end\\": 415
              }
            },
            \\"loc\\": {
              \\"start\\": 411,
              \\"end\\": 415
            }
          },
          \\"directives\\": [],
          \\"loc\\": {
            \\"start\\": 403,
            \\"end\\": 415
          }
        },
        {
          \\"kind\\": \\"FieldDefinition\\",
          \\"name\\": {
            \\"kind\\": \\"Name\\",
            \\"value\\": \\"Stats\\",
            \\"loc\\": {
              \\"start\\": 418,
              \\"end\\": 423
            }
          },
          \\"arguments\\": [],
          \\"type\\": {
            \\"kind\\": \\"NamedType\\",
            \\"name\\": {
              \\"kind\\": \\"Name\\",
              \\"value\\": \\"Stat\\",
              \\"loc\\": {
                \\"start\\": 425,
                \\"end\\": 429
              }
            },
            \\"loc\\": {
              \\"start\\": 425,
              \\"end\\": 429
            }
          },
          \\"directives\\": [],
          \\"loc\\": {
            \\"start\\": 418,
            \\"end\\": 429
          }
        }
      ],
      \\"loc\\": {
        \\"start\\": 350,
        \\"end\\": 431
      }
    },
    {
      \\"kind\\": \\"ObjectTypeDefinition\\",
      \\"name\\": {
        \\"kind\\": \\"Name\\",
        \\"value\\": \\"User\\",
        \\"loc\\": {
          \\"start\\": 438,
          \\"end\\": 442
        }
      },
      \\"interfaces\\": [],
      \\"directives\\": [],
      \\"fields\\": [
        {
          \\"kind\\": \\"FieldDefinition\\",
          \\"name\\": {
            \\"kind\\": \\"Name\\",
            \\"value\\": \\"id\\",
            \\"loc\\": {
              \\"start\\": 447,
              \\"end\\": 449
            }
          },
          \\"arguments\\": [],
          \\"type\\": {
            \\"kind\\": \\"NonNullType\\",
            \\"type\\": {
              \\"kind\\": \\"NamedType\\",
              \\"name\\": {
                \\"kind\\": \\"Name\\",
                \\"value\\": \\"ID\\",
                \\"loc\\": {
                  \\"start\\": 451,
                  \\"end\\": 453
                }
              },
              \\"loc\\": {
                \\"start\\": 451,
                \\"end\\": 453
              }
            },
            \\"loc\\": {
              \\"start\\": 451,
              \\"end\\": 454
            }
          },
          \\"directives\\": [],
          \\"loc\\": {
            \\"start\\": 447,
            \\"end\\": 454
          }
        },
        {
          \\"kind\\": \\"FieldDefinition\\",
          \\"name\\": {
            \\"kind\\": \\"Name\\",
            \\"value\\": \\"username\\",
            \\"loc\\": {
              \\"start\\": 457,
              \\"end\\": 465
            }
          },
          \\"arguments\\": [],
          \\"type\\": {
            \\"kind\\": \\"NamedType\\",
            \\"name\\": {
              \\"kind\\": \\"Name\\",
              \\"value\\": \\"String\\",
              \\"loc\\": {
                \\"start\\": 467,
                \\"end\\": 473
              }
            },
            \\"loc\\": {
              \\"start\\": 467,
              \\"end\\": 473
            }
          },
          \\"directives\\": [],
          \\"loc\\": {
            \\"start\\": 457,
            \\"end\\": 473
          }
        },
        {
          \\"kind\\": \\"FieldDefinition\\",
          \\"name\\": {
            \\"kind\\": \\"Name\\",
            \\"value\\": \\"first_name\\",
            \\"loc\\": {
              \\"start\\": 476,
              \\"end\\": 486
            }
          },
          \\"arguments\\": [],
          \\"type\\": {
            \\"kind\\": \\"NamedType\\",
            \\"name\\": {
              \\"kind\\": \\"Name\\",
              \\"value\\": \\"String\\",
              \\"loc\\": {
                \\"start\\": 488,
                \\"end\\": 494
              }
            },
            \\"loc\\": {
              \\"start\\": 488,
              \\"end\\": 494
            }
          },
          \\"directives\\": [],
          \\"loc\\": {
            \\"start\\": 476,
            \\"end\\": 494
          }
        },
        {
          \\"kind\\": \\"FieldDefinition\\",
          \\"name\\": {
            \\"kind\\": \\"Name\\",
            \\"value\\": \\"last_name\\",
            \\"loc\\": {
              \\"start\\": 497,
              \\"end\\": 506
            }
          },
          \\"arguments\\": [],
          \\"type\\": {
            \\"kind\\": \\"NamedType\\",
            \\"name\\": {
              \\"kind\\": \\"Name\\",
              \\"value\\": \\"String\\",
              \\"loc\\": {
                \\"start\\": 508,
                \\"end\\": 514
              }
            },
            \\"loc\\": {
              \\"start\\": 508,
              \\"end\\": 514
            }
          },
          \\"directives\\": [],
          \\"loc\\": {
            \\"start\\": 497,
            \\"end\\": 514
          }
        },
        {
          \\"kind\\": \\"FieldDefinition\\",
          \\"name\\": {
            \\"kind\\": \\"Name\\",
            \\"value\\": \\"full_name\\",
            \\"loc\\": {
              \\"start\\": 517,
              \\"end\\": 526
            }
          },
          \\"arguments\\": [],
          \\"type\\": {
            \\"kind\\": \\"NamedType\\",
            \\"name\\": {
              \\"kind\\": \\"Name\\",
              \\"value\\": \\"String\\",
              \\"loc\\": {
                \\"start\\": 528,
                \\"end\\": 534
              }
            },
            \\"loc\\": {
              \\"start\\": 528,
              \\"end\\": 534
            }
          },
          \\"directives\\": [],
          \\"loc\\": {
            \\"start\\": 517,
            \\"end\\": 534
          }
        },
        {
          \\"kind\\": \\"FieldDefinition\\",
          \\"name\\": {
            \\"kind\\": \\"Name\\",
            \\"value\\": \\"name\\",
            \\"loc\\": {
              \\"start\\": 537,
              \\"end\\": 541
            }
          },
          \\"arguments\\": [],
          \\"type\\": {
            \\"kind\\": \\"NamedType\\",
            \\"name\\": {
              \\"kind\\": \\"Name\\",
              \\"value\\": \\"String\\",
              \\"loc\\": {
                \\"start\\": 543,
                \\"end\\": 549
              }
            },
            \\"loc\\": {
              \\"start\\": 543,
              \\"end\\": 549
            }
          },
          \\"directives\\": [
            {
              \\"kind\\": \\"Directive\\",
              \\"name\\": {
                \\"kind\\": \\"Name\\",
                \\"value\\": \\"deprecated\\",
                \\"loc\\": {
                  \\"start\\": 551,
                  \\"end\\": 561
                }
              },
              \\"arguments\\": [],
              \\"loc\\": {
                \\"start\\": 550,
                \\"end\\": 561
              }
            }
          ],
          \\"loc\\": {
            \\"start\\": 537,
            \\"end\\": 561
          }
        },
        {
          \\"kind\\": \\"FieldDefinition\\",
          \\"name\\": {
            \\"kind\\": \\"Name\\",
            \\"value\\": \\"avatar_url\\",
            \\"loc\\": {
              \\"start\\": 564,
              \\"end\\": 574
            }
          },
          \\"arguments\\": [],
          \\"type\\": {
            \\"kind\\": \\"NamedType\\",
            \\"name\\": {
              \\"kind\\": \\"Name\\",
              \\"value\\": \\"Url\\",
              \\"loc\\": {
                \\"start\\": 576,
                \\"end\\": 579
              }
            },
            \\"loc\\": {
              \\"start\\": 576,
              \\"end\\": 579
            }
          },
          \\"directives\\": [],
          \\"loc\\": {
            \\"start\\": 564,
            \\"end\\": 579
          }
        }
      ],
      \\"loc\\": {
        \\"start\\": 433,
        \\"end\\": 581
      }
    },
    {
      \\"kind\\": \\"ObjectTypeDefinition\\",
      \\"name\\": {
        \\"kind\\": \\"Name\\",
        \\"value\\": \\"Stat\\",
        \\"loc\\": {
          \\"start\\": 588,
          \\"end\\": 592
        }
      },
      \\"interfaces\\": [],
      \\"directives\\": [],
      \\"fields\\": [
        {
          \\"kind\\": \\"FieldDefinition\\",
          \\"name\\": {
            \\"kind\\": \\"Name\\",
            \\"value\\": \\"views\\",
            \\"loc\\": {
              \\"start\\": 597,
              \\"end\\": 602
            }
          },
          \\"arguments\\": [],
          \\"type\\": {
            \\"kind\\": \\"NamedType\\",
            \\"name\\": {
              \\"kind\\": \\"Name\\",
              \\"value\\": \\"Int\\",
              \\"loc\\": {
                \\"start\\": 604,
                \\"end\\": 607
              }
            },
            \\"loc\\": {
              \\"start\\": 604,
              \\"end\\": 607
            }
          },
          \\"directives\\": [],
          \\"loc\\": {
            \\"start\\": 597,
            \\"end\\": 607
          }
        },
        {
          \\"kind\\": \\"FieldDefinition\\",
          \\"name\\": {
            \\"kind\\": \\"Name\\",
            \\"value\\": \\"likes\\",
            \\"loc\\": {
              \\"start\\": 610,
              \\"end\\": 615
            }
          },
          \\"arguments\\": [],
          \\"type\\": {
            \\"kind\\": \\"NamedType\\",
            \\"name\\": {
              \\"kind\\": \\"Name\\",
              \\"value\\": \\"Int\\",
              \\"loc\\": {
                \\"start\\": 617,
                \\"end\\": 620
              }
            },
            \\"loc\\": {
              \\"start\\": 617,
              \\"end\\": 620
            }
          },
          \\"directives\\": [],
          \\"loc\\": {
            \\"start\\": 610,
            \\"end\\": 620
          }
        },
        {
          \\"kind\\": \\"FieldDefinition\\",
          \\"name\\": {
            \\"kind\\": \\"Name\\",
            \\"value\\": \\"retweets\\",
            \\"loc\\": {
              \\"start\\": 623,
              \\"end\\": 631
            }
          },
          \\"arguments\\": [],
          \\"type\\": {
            \\"kind\\": \\"NamedType\\",
            \\"name\\": {
              \\"kind\\": \\"Name\\",
              \\"value\\": \\"Int\\",
              \\"loc\\": {
                \\"start\\": 633,
                \\"end\\": 636
              }
            },
            \\"loc\\": {
              \\"start\\": 633,
              \\"end\\": 636
            }
          },
          \\"directives\\": [],
          \\"loc\\": {
            \\"start\\": 623,
            \\"end\\": 636
          }
        },
        {
          \\"kind\\": \\"FieldDefinition\\",
          \\"name\\": {
            \\"kind\\": \\"Name\\",
            \\"value\\": \\"responses\\",
            \\"loc\\": {
              \\"start\\": 639,
              \\"end\\": 648
            }
          },
          \\"arguments\\": [],
          \\"type\\": {
            \\"kind\\": \\"NamedType\\",
            \\"name\\": {
              \\"kind\\": \\"Name\\",
              \\"value\\": \\"Int\\",
              \\"loc\\": {
                \\"start\\": 650,
                \\"end\\": 653
              }
            },
            \\"loc\\": {
              \\"start\\": 650,
              \\"end\\": 653
            }
          },
          \\"directives\\": [],
          \\"loc\\": {
            \\"start\\": 639,
            \\"end\\": 653
          }
        }
      ],
      \\"loc\\": {
        \\"start\\": 583,
        \\"end\\": 655
      }
    },
    {
      \\"kind\\": \\"ObjectTypeDefinition\\",
      \\"name\\": {
        \\"kind\\": \\"Name\\",
        \\"value\\": \\"Notification\\",
        \\"loc\\": {
          \\"start\\": 662,
          \\"end\\": 674
        }
      },
      \\"interfaces\\": [],
      \\"directives\\": [],
      \\"fields\\": [
        {
          \\"kind\\": \\"FieldDefinition\\",
          \\"name\\": {
            \\"kind\\": \\"Name\\",
            \\"value\\": \\"id\\",
            \\"loc\\": {
              \\"start\\": 679,
              \\"end\\": 681
            }
          },
          \\"arguments\\": [],
          \\"type\\": {
            \\"kind\\": \\"NamedType\\",
            \\"name\\": {
              \\"kind\\": \\"Name\\",
              \\"value\\": \\"ID\\",
              \\"loc\\": {
                \\"start\\": 683,
                \\"end\\": 685
              }
            },
            \\"loc\\": {
              \\"start\\": 683,
              \\"end\\": 685
            }
          },
          \\"directives\\": [],
          \\"loc\\": {
            \\"start\\": 679,
            \\"end\\": 685
          }
        },
        {
          \\"kind\\": \\"FieldDefinition\\",
          \\"name\\": {
            \\"kind\\": \\"Name\\",
            \\"value\\": \\"date\\",
            \\"loc\\": {
              \\"start\\": 688,
              \\"end\\": 692
            }
          },
          \\"arguments\\": [],
          \\"type\\": {
            \\"kind\\": \\"NamedType\\",
            \\"name\\": {
              \\"kind\\": \\"Name\\",
              \\"value\\": \\"Date\\",
              \\"loc\\": {
                \\"start\\": 694,
                \\"end\\": 698
              }
            },
            \\"loc\\": {
              \\"start\\": 694,
              \\"end\\": 698
            }
          },
          \\"directives\\": [],
          \\"loc\\": {
            \\"start\\": 688,
            \\"end\\": 698
          }
        },
        {
          \\"kind\\": \\"FieldDefinition\\",
          \\"name\\": {
            \\"kind\\": \\"Name\\",
            \\"value\\": \\"type\\",
            \\"loc\\": {
              \\"start\\": 701,
              \\"end\\": 705
            }
          },
          \\"arguments\\": [],
          \\"type\\": {
            \\"kind\\": \\"NamedType\\",
            \\"name\\": {
              \\"kind\\": \\"Name\\",
              \\"value\\": \\"String\\",
              \\"loc\\": {
                \\"start\\": 707,
                \\"end\\": 713
              }
            },
            \\"loc\\": {
              \\"start\\": 707,
              \\"end\\": 713
            }
          },
          \\"directives\\": [],
          \\"loc\\": {
            \\"start\\": 701,
            \\"end\\": 713
          }
        }
      ],
      \\"loc\\": {
        \\"start\\": 657,
        \\"end\\": 715
      }
    },
    {
      \\"kind\\": \\"ObjectTypeDefinition\\",
      \\"name\\": {
        \\"kind\\": \\"Name\\",
        \\"value\\": \\"Meta\\",
        \\"loc\\": {
          \\"start\\": 722,
          \\"end\\": 726
        }
      },
      \\"interfaces\\": [],
      \\"directives\\": [],
      \\"fields\\": [
        {
          \\"kind\\": \\"FieldDefinition\\",
          \\"name\\": {
            \\"kind\\": \\"Name\\",
            \\"value\\": \\"count\\",
            \\"loc\\": {
              \\"start\\": 731,
              \\"end\\": 736
            }
          },
          \\"arguments\\": [],
          \\"type\\": {
            \\"kind\\": \\"NamedType\\",
            \\"name\\": {
              \\"kind\\": \\"Name\\",
              \\"value\\": \\"Int\\",
              \\"loc\\": {
                \\"start\\": 738,
                \\"end\\": 741
              }
            },
            \\"loc\\": {
              \\"start\\": 738,
              \\"end\\": 741
            }
          },
          \\"directives\\": [],
          \\"loc\\": {
            \\"start\\": 731,
            \\"end\\": 741
          }
        }
      ],
      \\"loc\\": {
        \\"start\\": 717,
        \\"end\\": 743
      }
    },
    {
      \\"kind\\": \\"ScalarTypeDefinition\\",
      \\"name\\": {
        \\"kind\\": \\"Name\\",
        \\"value\\": \\"Url\\",
        \\"loc\\": {
          \\"start\\": 752,
          \\"end\\": 755
        }
      },
      \\"directives\\": [],
      \\"loc\\": {
        \\"start\\": 745,
        \\"end\\": 755
      }
    },
    {
      \\"kind\\": \\"ScalarTypeDefinition\\",
      \\"name\\": {
        \\"kind\\": \\"Name\\",
        \\"value\\": \\"Date\\",
        \\"loc\\": {
          \\"start\\": 764,
          \\"end\\": 768
        }
      },
      \\"directives\\": [],
      \\"loc\\": {
        \\"start\\": 757,
        \\"end\\": 768
      }
    }
  ],
  \\"loc\\": {
    \\"start\\": 0,
    \\"end\\": 769
  }
}"
`;

exports[`TypeDefsEditor (Basics) .print() matches snapshot 1`] = `
"type Query {
  Tweet(id: ID!): Tweet
  Tweets(limit: Int, skip: Int, sort_field: String, sort_order: String): [Tweet]
  TweetsMeta: Meta
  User(id: ID!): User
  Notifications(limit: Int): [Notification]
  NotificationsMeta: Meta
}

type Mutation {
  createTweet(body: String): Tweet
  deleteTweet(id: ID!): Tweet
  markTweetRead(id: ID!): Boolean
}

type Tweet {
  id: ID!
  body: String
  date: Date
  Author: User
  Stats: Stat
}

type User {
  id: ID!
  username: String
  first_name: String
  last_name: String
  full_name: String
  name: String @deprecated
  avatar_url: Url
}

type Stat {
  views: Int
  likes: Int
  retweets: Int
  responses: Int
}

type Notification {
  id: ID
  date: Date
  type: String
}

type Meta {
  count: Int
}

scalar Url

scalar Date
"
`;
